[{"node_id":"24ed0fea5d145aa3f29a6092a3f556beaba55363b2f7513656eef01e431b91c7","name":"24ed0fea5d145aa3f29a6092a3f556beaba55363b2f7513656eef01e431b91c7@flow","role":"consensus","docker_tag":"v0.27.6","docker_registry":"gcr.io/flow-container-registry/"},{"node_id":"2bc56266c4efca471d13fec2d9af9d8a14493e75ffb6ed68f2262af1f25c4e70","name":"2bc56266c4efca471d13fec2d9af9d8a14493e75ffb6ed68f2262af1f25c4e70@flow","role":"collection","docker_tag":"v0.27.6","docker_registry":"gcr.io/flow-container-registry/"},{"node_id":"4b75839cf37edbd71b3bd64af57e130a4655524dc0facd11fcef7aab2260e726","name":"4b75839cf37edbd71b3bd64af57e130a4655524dc0facd11fcef7aab2260e726@flow","role":"verification","docker_tag":"v0.27.6","docker_registry":"gcr.io/flow-container-registry/"},{"node_id":"86fa55419a6b56fc6aae5cb10f5f3a763267c15b800cc68cecbe4825f6796320","name":"86fa55419a6b56fc6aae5cb10f5f3a763267c15b800cc68cecbe4825f6796320@flow","role":"collection","docker_tag":"v0.27.6","docker_registry":"gcr.io/flow-container-registry/"},{"node_id":"cc800f9172ac832ace653d26c8dcb04f339085590d35cce8e88199d39a3321f2","name":"cc800f9172ac832ace653d26c8dcb04f339085590d35cce8e88199d39a3321f2@flow","role":"verification","docker_tag":"v0.27.6","docker_registry":"gcr.io/flow-container-registry/"},{"node_id":"cd52906abe0fab8965bf66051cf8819753e042158f889748c2f9f56a1b91f0d9","name":"cd52906abe0fab8965bf66051cf8819753e042158f889748c2f9f56a1b91f0d9@flow","role":"access","docker_tag":"v0.27.6","docker_registry":"gcr.io/flow-container-registry/"},{"node_id":"dfaa234d64d39461e56cc7ee095ae4fb86e22dedf391a4e045b33c547dc8e0fb","name":"dfaa234d64d39461e56cc7ee095ae4fb86e22dedf391a4e045b33c547dc8e0fb@flow","role":"execution","docker_tag":"v0.27.6","docker_registry":"gcr.io/flow-container-registry/"},{"node_id":"e70d5d8f46dacb9962bc01a623463fe9e22e641d4a8e75591486d84bb2ffee0a","name":"e70d5d8f46dacb9962bc01a623463fe9e22e641d4a8e75591486d84bb2ffee0a@flow","role":"consensus","docker_tag":"v0.27.6","docker_registry":"gcr.io/flow-container-registry/"},{"node_id":"e816babb4d6ed438811b4462ba069d47813772b0575a1f73d2c29ee48a5c1fa1","name":"e816babb4d6ed438811b4462ba069d47813772b0575a1f73d2c29ee48a5c1fa1@flow","role":"execution","docker_tag":"v0.27.6","docker_registry":"gcr.io/flow-container-registry/"},{"node_id":"f7515579bf67a249a7fc0b40254e908263ccaf780f92d6548af2b2ad7de987ab","name":"f7515579bf67a249a7fc0b40254e908263ccaf780f92d6548af2b2ad7de987ab@flow","role":"access","docker_tag":"v0.27.6","docker_registry":"gcr.io/flow-container-registry/"}]
